test_behavioral_change_requires_retest (__main__.ReAttestTestCase)
改代码 → re-attest 判 behavioral → 旧 PASS 不再作数，必须重跑。 ... ok
test_commit_without_content_change_still_passes (__main__.ReAttestTestCase)
测完之后把改动提交（内容一字未改）→ 门必须仍然绿。 ... ok
test_committing_run_dir_does_not_invalidate (__main__.ReAttestTestCase)
把 run-dir 自身提交进仓库 → 不算内容变化（否则 receipt 会自己打脸自己）。 ... ok
test_content_change_after_test_is_blocked (__main__.ReAttestTestCase)
测完之后改一个字节 → 必须拦（严格性不能因为解死结而丢掉）。 ... ok
test_doc_only_change_can_re_attest_and_pass (__main__.ReAttestTestCase)
文档回写 → re-attest 判 doc-only → 既有测试结论继续有效，门恢复绿。 ... ok
test_doc_only_claim_is_machine_decided (__main__.ReAttestTestCase)
混合变更不能被说成 doc-only——判定看路径，不看申报。 ... ok
test_mode_change_counts_as_content_change (__main__.ReAttestTestCase)
可执行位变化也是交付差异（独立审计点名的缺口）。 ... ok
test_new_untracked_file_is_content_change (__main__.ReAttestTestCase)
新增未跟踪文件也算内容变化——半截提交/漏跟踪的路由文件正是这样漏的。 ... ok
test_no_change_is_noop (__main__.ReAttestTestCase) ... ok
test_run_dir_excluded_with_relative_path (__main__.ReAttestTestCase)
run-dir 用相对路径传入时也必须被排除。 ... ok

----------------------------------------------------------------------
Ran 10 tests in 2.497s

OK
