test_commit_without_content_change_still_passes (__main__.RetireTestCase)
测完之后把改动提交（内容一字未改）→ 门必须仍然绿。 ... ok
test_committing_run_dir_does_not_invalidate (__main__.RetireTestCase)
把 run-dir 自身提交进仓库 → 不算内容变化（否则 receipt 会自己打脸自己）。 ... ok
test_content_change_after_test_is_blocked (__main__.RetireTestCase)
测完之后改一个字节 → 必须拦（严格性不能因为解死结而丢掉）。 ... ok
test_fixture_run_cannot_retire_out (__main__.RetireTestCase)
fixture-only 账本不得靠退役退出阻断——retire 命令当场拒绝，不是事后判无效。 ... ok
test_handwritten_retired_flag_is_invalid (__main__.RetireTestCase)
手写 `"retired": true`（不经 CLI）不得生效——链对不上。 ... ok
test_new_untracked_file_is_content_change (__main__.RetireTestCase)
新增未跟踪文件也算内容变化——半截提交/漏跟踪的路由文件正是这样漏的。 ... ok
test_retire_does_not_make_run_shippable (__main__.RetireTestCase)
退役不等于通过——账本仍如实是未闭环状态。 ... ok
test_retire_requires_a_passing_successor (__main__.RetireTestCase)
没有通过的继任者 → 拒绝退役（这正是"这个先不做了"式绕过）。 ... ok
test_retire_with_valid_successor_is_accepted (__main__.RetireTestCase) ... ok
test_successor_must_be_in_same_repo (__main__.RetireTestCase)
继任者不能指向别的仓库——那等于"借"一张无关的 receipt 给本次失败背书。 ... ok
test_successor_must_cover_required_scenarios (__main__.RetireTestCase)
继任者必须真的承接工作：覆盖被退役 run 的 required 场景，且同一份 acceptance。 ... ok

----------------------------------------------------------------------
Ran 11 tests in 3.505s

OK
