test_commit_without_content_change_still_passes (__main__.StopHookTestCase)
测完之后把改动提交（内容一字未改）→ 门必须仍然绿。 ... ok
test_committing_run_dir_does_not_invalidate (__main__.StopHookTestCase)
把 run-dir 自身提交进仓库 → 不算内容变化（否则 receipt 会自己打脸自己）。 ... ok
test_content_change_after_test_is_blocked (__main__.StopHookTestCase)
测完之后改一个字节 → 必须拦（严格性不能因为解死结而丢掉）。 ... ok
test_deletion_digest_is_index_independent (__main__.StopHookTestCase)
删文件后，"未 git add"与"已提交"必须算出同一个指纹。 ... ok
test_hook_blocks_unclosed_ledger_anywhere (__main__.StopHookTestCase)
run-dir 不在 verification/ 下也必须被发现（第八轮打穿点）。 ... ok
test_hook_ignores_business_json_and_gitignored_files (__main__.StopHookTestCase)
业务 JSON 与被 .gitignore 忽略的文件都不参与识别（误报方向）。 ... ok
test_hook_passes_when_no_ledger (__main__.StopHookTestCase) ... ok
test_new_untracked_file_is_content_change (__main__.StopHookTestCase)
新增未跟踪文件也算内容变化——半截提交/漏跟踪的路由文件正是这样漏的。 ... ok
test_renaming_ledger_does_not_hide_it (__main__.StopHookTestCase)
把账本改名同样藏不住（第九轮打穿点：按文件名识别仍是按名字识别）。 ... ok

----------------------------------------------------------------------
Ran 9 tests in 5.052s

OK
