== 39c592c 有而当前缺失（应为空）==
== 当前新增 ==
def test_cli_cannot_overrule_audit_artifact
def test_cli_writes_keep_chain_valid
def test_commit_without_content_change_still_passes
def test_committing_run_dir_does_not_invalidate
def test_content_change_after_test_is_blocked
def test_decided_by_must_be_agent_or_user
def test_declaration_lands_in_report
def test_dropped_chain_entry_detected
def test_false_declaration_needs_rationale
def test_handedited_result_detected
def test_init_warns_when_undeclared
def test_input_sensitive_needs_distinct_classes
def test_input_sensitive_needs_positive_value_scenario
def test_llm_payload_driven_needs_sampling
def test_new_untracked_file_is_content_change
def test_satisfied_matrix_passes
def test_self_audit_exposed_as_advisory
def test_stateful_init_needs_cold_start
def test_undeclared_blocks
def test_unparseable_output_rejected
def test_verdict_line_form_also_checked
